Linux version 2.6.15 (Debian 2.6.15-1) (luther@debian.org) (gcc version 4.0.3 20051201 (prerelease) (Debian 4.0.2-5)) #13 Tue Jan 10 22:06:13 GMT 2006
CPU: StrongARM-110 [4401a104] revision 4 (ARMv4)
Machine: Rebel-NetWinder
Converting old-style param struct to taglist
ATAG_INITRD is deprecated; please update your bootloader.
Memory policy: ECC disabled, Data cache writeback
On node 0 totalpages: 32768
  DMA zone: 32768 pages, LIFO batch:7
  DMA32 zone: 0 pages, LIFO batch:0
  Normal zone: 0 pages, LIFO batch:0
  HighMem zone: 0 pages, LIFO batch:0
Built 1 zonelists
Kernel command line: ide0=autotune root=/dev/hda2 console=tty console=ttyS0,115200 netconfig_eth0=dhcp eth0=192.168.1.9/24 netconfig_eth1=disk R1=0.0.0.0:192.168.7.1:n R2=0.0.0.0:192.168.7.1:n R3=0.0.0.0:192.168.7.1:n R4=0.0.0.0:192.168.7.1:n nfsroot=undefined nfsaddrs=192.168.1.9:undefined:192.168.7.1:255.255.255.0::eth0:
ide_setup: ide0=autotune -- OBSOLETE OPTION, WILL BE REMOVED SOON!
PID hash table entries: 1024 (order: 10, 16384 bytes)
Console: colour dummy device 80x30
Dentry cache hash table entries: 32768 (order: 5, 131072 bytes)
Inode-cache hash table entries: 16384 (order: 4, 65536 bytes)
Memory: 128MB = 128MB total
Memory: 126976KB available (2170K code, 459K data, 104K init)
Calibrating delay loop... 185.95 BogoMIPS (lpj=929792)
Security Framework v1.0.0 initialized
SELinux:  Disabled at boot.
Capability LSM initialized
Mount-cache hash table entries: 512
CPU: Testing write buffer coherency: failed, enabling work-around
NET: Registered protocol family 16
PCI: DC21285 footbridge, revision 03, in central function mode
PCI: bus0: Fast back to back transfers disabled
PCI: Ignore bogus resource 1 [3f6:3f6] of 0000:00:0c.1
PCI: Ignore bogus resource 3 [376:376] of 0000:00:0c.1
Linux Plug and Play Support v0.97 (c) Adam Belay
NetWinder Floating Point Emulator V0.97 (extended precision)
audit: initializing netlink socket (disabled)
audit(1136931225.308:1): initialized
VFS: Disk quotas dquot_6.5.1
Dquot-cache hash table entries: 1024 (order 0, 4096 bytes)
Initializing Cryptographic API
io scheduler noop registered
io scheduler anticipatory registered
io scheduler deadline registered
io scheduler cfq registered
CyberPro2010: enabling PCI bursts
CyberPro2010: 2048KiB VRAM, using 640x480, 31.468kHz, 59Hz
Console: switching to colour frame buffer device 80x30
isapnp: ISA Plug & Play support disabled
Real Time Clock Driver v1.12
Thermostat: high 50.0, low 48.0, current 42.5 C, fan on.
NetWinder Button Driver Version 0.3 (C) Alex Holden <alex@linuxhacker.org> 1998.
Software Watchdog Timer: 0.07 initialized. soft_noboot=0 soft_margin=60 sec (nowayout= 0)
serio: i8042 AUX port at 0x60,0x64 irq 5
serio: i8042 KBD port at 0x60,0x64 irq 1
Serial: 21285 driver $Revision: 1.37 $
ttyFB0 at MMIO 0x42000160 (irq = -1) is a DC21285
Serial: 8250/16550 driver $Revision: 1.90 $ 16 ports, IRQ sharing disabled
serial8250.0: ttyS0 at I/O 0x3f8 (irq = 4) is a 16550A
serial8250.0: ttyS1 at I/O 0x2f8 (irq = 3) is a 16550A
parport0: PC-style at 0x378 [PCSPP,TRISTATE,EPP]
Uniform Multi-Platform E-IDE driver Revision: 7.00alpha2
ide: Assuming 33MHz system bus speed for PIO modes; override with idebus=xx
W82C105: IDE controller at PCI slot 0000:00:0c.1
W82C105: chipset revision 5
W82C105: 100% native mode on irq 14
Probing IDE interface ide0...
hda: IBM-DARA-212000, ATA DISK drive
hda: selected PIO 4 (120ns) (0240)
ide0 at 0x10c0-0x10c7,0x3f6 on irq 14
Probing IDE interface ide1...
Probing IDE interface ide1...
hda: max request size: 128KiB
hda: 23579136 sectors (12072 MB) w/418KiB Cache, CHS=23392/16/63
hda: cache flushes not supported
 hda: hda1 hda2 hda3 < hda5 >
DC21285 flash support (8-bit bankwidth)
Found: Intel 28F008S5
DC21285 flash: Found 1 x8 devices at 0x0 in 8-bit bank
DC21285 flash: Found an alias at 0x100000 for the chip at 0x0
DC21285 flash: Found an alias at 0x200000 for the chip at 0x0
DC21285 flash: Found an alias at 0x300000 for the chip at 0x0
DC21285 flash: Found an alias at 0x400000 for the chip at 0x0
DC21285 flash: Found an alias at 0x500000 for the chip at 0x0
DC21285 flash: Found an alias at 0x600000 for the chip at 0x0
DC21285 flash: Found an alias at 0x700000 for the chip at 0x0
DC21285 flash: Found an alias at 0x800000 for the chip at 0x0
DC21285 flash: Found an alias at 0x900000 for the chip at 0x0
DC21285 flash: Found an alias at 0xa00000 for the chip at 0x0
DC21285 flash: Found an alias at 0xb00000 for the chip at 0x0
DC21285 flash: Found an alias at 0xc00000 for the chip at 0x0
DC21285 flash: Found an alias at 0xd00000 for the chip at 0x0
DC21285 flash: Found an alias at 0xe00000 for the chip at 0x0
DC21285 flash: Found an alias at 0xf00000 for the chip at 0x0
erase region 0: offset=0x0,size=0x10000,blocks=16
mice: PS/2 mouse device common for all mice
NET: Registered protocol family 2
IP route cache hash table entries: 2048 (order: 1, 8192 bytes)
TCP established hash table entries: 8192 (order: 3, 32768 bytes)
TCP bind hash table entries: 8192 (order: 3, 32768 bytes)
TCP: Hash tables configured (established 8192 bind 8192)
TCP reno registered
NET: Registered protocol family 1
NET: Registered protocol family 17
NET: Registered protocol family 8
NET: Registered protocol family 20
IP-Config: Device `eth0' not found.
kjournald starting.  Commit interval 5 seconds
EXT3-fs: mounted filesystem with ordered data mode.
VFS: Mounted root (ext3 filesystem) readonly.
Freeing init memory: 104K
input: AT Raw Set 2 keyboard as /class/input/input0
input: ImPS/2 Logitech Wheel Mouse as /class/input/input1
Adding 377488k swap on /dev/hda5.  Priority:-1 extents:1 across:377488k
EXT3 FS on hda2, internal journal
Linux Tulip driver version 1.1.13 (May 11, 2002)
PCI: enabling device 0000:00:0a.0 (0000 -> 0003)
tulip0:  MII transceiver #1 config 3000 status 7809 advertising 01e1.
eth0: Digital DS21143 Tulip rev 65 at ff001000, 00:10:57:57:1D:57, IRQ 22.
ne2k-pci.c:v1.03 9/22/2003 D. Becker/P. Gortmaker
  http://www.scyld.com/network/ne2k-pci.html
eth1: Winbond W89C940F found at 0x1080, IRQ 21, 00:10:57:00:1D:57.
usbcore: registered new driver usbfs
usbcore: registered new driver hub
usbcore: deregistering driver usbfs
usbcore: khubd exiting
usbcore: deregistering driver hub
Linux video capture interface: v1.00
