CPU revision is: 000028a0
FPU revision is: 000028a0
Primary instruction cache 32kB, physically tagged, 2-way, linesize 32 bytes.
Primary data cache 32kB 2-way, linesize 32 bytes.
Linux version 2.4.27-r5k-cobalt (root@rem) (gcc version 3.3.6 (Debian 1:3.3.6-10)) #1 Fri Oct 7 20:47:17 UTC 2005
Cobalt Board ID: 5
ttyS00 at iomem 0xbc800000 (irq = 7) is a ST16650V2
Attempt to register invalid minor number with devfs (0:0).
Attempt to register invalid minor number with devfs (0:0).
Determined physical RAM map:
 memory: 08000000 @ 00000000 (usable)
On node 0 totalpages: 32768
zone(0): 32768 pages.
zone(1): 0 pages.
zone(2): 0 pages.
Kernel command line: root=/dev/hda2 console=ttyS0,115200
Calibrating delay loop... 249.85 BogoMIPS
Memory: 126940k/131072k available (1609k kernel code, 4132k reserved, 256k data, 92k init, 0k highmem)
Dentry cache hash table entries: 16384 (order: 5, 131072 bytes)
Inode cache hash table entries: 8192 (order: 4, 65536 bytes)
Mount cache hash table entries: 512 (order: 0, 4096 bytes)
Buffer cache hash table entries: 8192 (order: 3, 32768 bytes)
Page-cache hash table entries: 32768 (order: 5, 131072 bytes)
Checking for 'wait' instruction...  available.
POSIX conformance testing by UNIFIX
PCI: Probing PCI hardware
Activating ISA DMA hang workarounds.
Linux NET4.0 for Linux 2.4
Based upon Swansea University Computer Society NET3.039
Initializing RT netlink socket
Starting kswapd
Journalled Block Device driver loaded
devfs: v1.12c (20020818) Richard Gooch (rgooch@atnf.csiro.au)
devfs: boot_options: 0x0
pty: 256 Unix98 ptys configured
Cobalt LCD Driver v2.10
Serial driver version 5.05c (2001-07-08) with MANY_PORTS SHARE_IRQ SERIAL_PCI enabled
ttyS00 at 0xbc800000 (irq = 7) is a ST16650V2
rtc: Digital UNIX epoch (1952) detected
Real Time Clock Driver v1.10f
RAMDISK driver initialized: 16 RAM disks of 8192K size 1024 blocksize
Linux Tulip driver version 0.9.15-pre12 (Aug 9, 2002)
PCI: Enabling device 00:07.0 (0045 -> 0047)
tulip0: Old format EEPROM on 'Cobalt Microserver' board.  Using substitute media control info.
tulip0:  EEPROM default media type Autosense.
tulip0:  Index #0 - Media MII (#11) described by a 21142 MII PHY (3) block.
tulip0:  MII transceiver #1 config 1000 status 7809 advertising 01e1.
eth0: Digital DS21143 Tulip rev 65 at 0x100000, 00:10:E0:00:BE:5E, IRQ 4.
PCI: Enabling device 00:0c.0 (0005 -> 0007)
tulip1: Old format EEPROM on 'Cobalt Microserver' board.  Using substitute media control info.
tulip1:  EEPROM default media type Autosense.
tulip1:  Index #0 - Media MII (#11) described by a 21142 MII PHY (3) block.
tulip1:  MII transceiver #1 config 1000 status 7809 advertising 01e1.
eth1: Digital DS21143 Tulip rev 65 at 0x101000, 00:10:E0:00:C5:7A, IRQ 13.
Uniform Multi-Platform E-IDE driver Revision: 7.00beta4-2.4
ide: Assuming 33MHz system bus speed for PIO modes; override with idebus=xx
VP_IDE: IDE controller at PCI slot 00:09.1
VP_IDE: chipset revision 6
VP_IDE: not 100% native mode: will probe irqs later
ide: Assuming 33MHz system bus speed for PIO modes; override with idebus=xx
VP_IDE: VIA vt82c586a (rev 27) IDE UDMA33 controller on pci00:09.1
    ide0: BM-DMA at 0xcc00-0xcc07, BIOS settings: hda:pio, hdb:pio
    ide1: BM-DMA at 0xcc08-0xcc0f, BIOS settings: hdc:pio, hdd:pio
hda: QUANTUM FIREBALLlct08 04, ATA DISK drive
ide0 at 0x1f0-0x1f7,0x3f6 on irq 14
hda: attached ide-disk driver.
hda: 8421840 sectors (4312 MB) w/418KiB Cache, CHS=8912/15/63
Partition check:
 /dev/ide/host0/bus0/target0/lun0: [PTBL] [524/255/63] p1 p2 p3 < p5 p6 >
usb.c: registered new driver usbdevfs
usb.c: registered new driver hub
Initializing Cryptographic API
NET4: Linux TCP/IP 1.0 for NET4.0
IP: routing cache hash table of 1024 buckets, 8Kbytes
TCP: Hash tables configured (established 8192 bind 16384)
NET4: Unix domain sockets 1.0/SMP for Linux NET4.0.
kjournald starting.  Commit interval 5 seconds
EXT3-fs: mounted filesystem with ordered data mode.
VFS: Mounted root (ext3 filesystem) readonly.
Freeing unused kernel memory: 92k freed
Adding Swap: 176672k swap-space (priority -1)
EXT3 FS 2.4-0.9.19, 19 August 2002 on ide0(3,2), internal journal
kjournald starting.  Commit interval 5 seconds
EXT3 FS 2.4-0.9.19, 19 August 2002 on ide0(3,6), internal journal
EXT3-fs: mounted filesystem with ordered data mode.
usb-uhci.c: $Revision: 1.275 $ time 21:00:30 Oct  7 2005
usb-uhci.c: High bandwidth mode enabled
PCI: Enabling device 00:09.2 (0000 -> 0001)
usb-uhci.c: found UHCI device with no IRQ assigned. check BIOS settings!
usb-uhci.c: v1.275:USB Universal Host Controller Interface driver
uhci.c: USB Universal Host Controller Interface driver v1.1
uhci.c: found UHCI device with no IRQ assigned. check BIOS settings!
uhci.c: USB Universal Host Controller Interface driver v1.1
uhci.c: found UHCI device with no IRQ assigned. check BIOS settings!
usb-uhci.c: $Revision: 1.275 $ time 21:00:30 Oct  7 2005
usb-uhci.c: High bandwidth mode enabled
usb-uhci.c: found UHCI device with no IRQ assigned. check BIOS settings!
usb-uhci.c: v1.275:USB Universal Host Controller Interface driver
eth0: Setting full-duplex based on MII#1 link partner capability of 45e1.
