Linux version 2.6.23-1-iop32x (Debian 2.6.23-1~experimental.1) (maks@debian.org) (gcc version 4.1.2 20061115 (prerelease) (Debian 4.1.1-21)) #1 Wed Nov 28 10:03:45 UTC 2007
CPU: XScale-80219 [69052e30] revision 0 (ARMv5TE), cr=0000397f
Machine: Thecus N2100
Memory policy: ECC disabled, Data cache writeback
On node 0 totalpages: 131072
  DMA zone: 1024 pages used for memmap
  DMA zone: 0 pages reserved
  DMA zone: 130048 pages, LIFO batch:31
  Normal zone: 0 pages used for memmap
  Movable zone: 0 pages used for memmap
CPU0: D VIVT undefined 5 cache
CPU0: I cache: 32768 bytes, associativity 32, 32 byte lines, 32 sets
CPU0: D cache: 32768 bytes, associativity 32, 32 byte lines, 32 sets
Built 1 zonelists in Zone order.  Total pages: 130048
Kernel command line: console=ttyS0,115200 root=/dev/ram0 initrd=0xa0800000,42M mem=512M@0xa0000000
PID hash table entries: 2048 (order: 11, 8192 bytes)
Console: colour dummy device 80x30
Dentry cache hash table entries: 65536 (order: 6, 262144 bytes)
Inode-cache hash table entries: 32768 (order: 5, 131072 bytes)
Memory: 512MB = 512MB total
Memory: 473984KB available (2400K code, 212K data, 100K init)
Calibrating delay loop... 593.10 BogoMIPS (lpj=2965504)
Security Framework v1.0.0 initialized
SELinux:  Disabled at boot.
Capability LSM initialized
Mount-cache hash table entries: 512
CPU: Testing write buffer coherency: ok
NET: Registered protocol family 16
PCI: bus0: Fast back to back transfers disabled
NET: Registered protocol family 2
IP route cache hash table entries: 16384 (order: 4, 65536 bytes)
TCP established hash table entries: 65536 (order: 7, 524288 bytes)
TCP bind hash table entries: 65536 (order: 6, 262144 bytes)
TCP: Hash tables configured (established 65536 bind 65536)
TCP reno registered
checking if image is initramfs... it is
Freeing initrd memory: 43008K
NetWinder Floating Point Emulator V0.97 (double precision)
audit: initializing netlink socket (disabled)
audit(7.870:1): initialized
VFS: Disk quotas dquot_6.5.1
Dquot-cache hash table entries: 1024 (order 0, 4096 bytes)
JFFS2 version 2.2. (NAND) Â© 2001-2006 Red Hat, Inc.
async_tx: api initialized (async)
io scheduler noop registered
io scheduler anticipatory registered
io scheduler deadline registered
io scheduler cfq registered (default)
Serial: 8250/16550 driver $Revision: 1.90 $ 2 ports, IRQ sharing disabled
serial8250.0: ttyS0 at MMIO 0xfe800000 (irq = 0) is a 16550A
console [ttyS0] enabled
RAMDISK driver initialized: 16 RAM disks of 8192K size 1024 blocksize
physmap platform flash device: 01000000 at f0000000
physmap-flash.0: Found 1 x16 devices at 0x0 in 16-bit bank
 Intel/Sharp Extended Query Table at 0x0031
Using buffer write method
cfi_cmdset_0001: Erase suspend on write enabled
erase region 0: offset=0x0,size=0x20000,blocks=128
request_module: runaway loop modprobe net-pf-1
cmdlinepart partition parsing not available
Searching for RedBoot partition table in physmap-flash.0 at offset 0xfe0000
6 RedBoot partitions found on MTD device physmap-flash.0
Creating 6 MTD partitions on "physmap-flash.0":
0x00000000-0x00040000 : "RedBoot"
0x00040000-0x00d40000 : "ramdisk"
0x00d40000-0x00ea0000 : "kernel"
0x00ea0000-0x00fc0000 : "user"
0x00fc0000-0x00fc1000 : "RedBoot config"
mtd: partition "RedBoot config" doesn't end on an erase block -- force read-only
0x00fe0000-0x01000000 : "FIS directory"
mice: PS/2 mouse device common for all mice
i2c /dev entries driver
rtc-rs5c372 0-0032: rs5c372b found, 24hr, driver version 0.5
rtc-rs5c372 0-0032: rtc core: registered rtc-rs5c372 as rtc0
iop-adma iop-adma.0: Intel(R) IOP: ( cpy intr )
iop-adma iop-adma.1: Intel(R) IOP: ( cpy intr )
NET: Registered protocol family 26
TCP bic registered
NET: Registered protocol family 1
NET: Registered protocol family 17
XScale DSP coprocessor detected.
rtc-rs5c372 0-0032: setting the system clock to 2007-11-28 10:36:57 (1196246217)
Freeing init memory: 100K
r8169 Gigabit Ethernet driver 2.2LK-NAPI loaded
eth0: RTL8169sb/8110sb at 0xe085c200, 00:14:fd:10:33:8e, XID 10000000 IRQ 27
r8169 Gigabit Ethernet driver 2.2LK-NAPI loaded
eth1: RTL8169sb/8110sb at 0xe085e300, 00:14:fd:10:33:8f, XID 10000000 IRQ 30
SCSI subsystem initialized
usbcore: registered new interface driver usbfs
usbcore: registered new interface driver hub
usbcore: registered new device driver usb
Initializing USB Mass Storage driver...
usbcore: registered new interface driver usb-storage
USB Mass Storage support registered.
libata version 2.21 loaded.
sata_sil 0000:00:03.0: version 2.3
sata_sil 0000:00:03.0: Applying R_ERR on DMA activate FIS errata fix
scsi0 : sata_sil
scsi1 : sata_sil
ata1: SATA max UDMA/100 cmd 0xe0860080 ctl 0xe086008a bmdma 0xe0860000 irq 29
ata2: SATA max UDMA/100 cmd 0xe08600c0 ctl 0xe08600ca bmdma 0xe0860008 irq 29
ata1: SATA link down (SStatus 0 SControl 310)
ata2: SATA link up 1.5 Gbps (SStatus 113 SControl 310)
ata2.00: ATA-7: Maxtor 6V300F0, VA111900, max UDMA/133
ata2.00: 586114704 sectors, multi 0: LBA48 NCQ (depth 0/32)
ata2.00: configured for UDMA/100
scsi 1:0:0:0: Direct-Access     ATA      Maxtor 6V300F0   VA11 PQ: 0 ANSI: 5
sd 1:0:0:0: [sda] 586114704 512-byte hardware sectors (300091 MB)
sd 1:0:0:0: [sda] Write Protect is off
sd 1:0:0:0: [sda] Mode Sense: 00 3a 00 00
sd 1:0:0:0: [sda] Write cache: enabled, read cache: enabled, doesn't support DPO or FUA
sd 1:0:0:0: [sda] 586114704 512-byte hardware sectors (300091 MB)
sd 1:0:0:0: [sda] Write Protect is off
sd 1:0:0:0: [sda] Mode Sense: 00 3a 00 00
sd 1:0:0:0: [sda] Write cache: enabled, read cache: enabled, doesn't support DPO or FUA
 sda: sda1 sda2 sda3 < sda5 sda6 >
sd 1:0:0:0: [sda] Attached SCSI disk
kjournald starting.  Commit interval 5 seconds
EXT3-fs: mounted filesystem with ordered data mode.
ehci_hcd 0000:00:04.2: EHCI Host Controller
ehci_hcd 0000:00:04.2: new USB bus registered, assigned bus number 1
ehci_hcd 0000:00:04.2: irq 29, io mem 0x800a0400
ehci_hcd 0000:00:04.2: USB 2.0 started, EHCI 1.00, driver 10 Dec 2004
usb usb1: configuration #1 chosen from 1 choice
hub 1-0:1.0: USB hub found
hub 1-0:1.0: 4 ports detected
USB Universal Host Controller Interface driver v3.0
uhci_hcd 0000:00:04.0: UHCI Host Controller
uhci_hcd 0000:00:04.0: new USB bus registered, assigned bus number 2
uhci_hcd 0000:00:04.0: irq 28, io base 0x90000800
usb usb2: configuration #1 chosen from 1 choice
hub 2-0:1.0: USB hub found
hub 2-0:1.0: 2 ports detected
uhci_hcd 0000:00:04.1: UHCI Host Controller
uhci_hcd 0000:00:04.1: new USB bus registered, assigned bus number 3
uhci_hcd 0000:00:04.1: irq 27, io base 0x90000820
usb usb3: configuration #1 chosen from 1 choice
hub 3-0:1.0: USB hub found
hub 3-0:1.0: 2 ports detected
Adding 1518100k swap on /dev/sda5.  Priority:-1 extents:1 across:1518100k
EXT3 FS on sda2, internal journal
loop: module loaded
device-mapper: ioctl: 4.11.0-ioctl (2006-10-12) initialised: dm-devel@redhat.com
kjournald starting.  Commit interval 5 seconds
EXT3 FS on sda1, internal journal
EXT3-fs: mounted filesystem with ordered data mode.
kjournald starting.  Commit interval 5 seconds
EXT3-fs warning: maximal mount count reached, running e2fsck is recommended
EXT3 FS on sda6, internal journal
EXT3-fs: mounted filesystem with ordered data mode.
r8169: eth0: link up
NET: Registered protocol family 10
lo: Disabled Privacy Extensions
r8169: eth0: link up
Installing knfsd (copyright (C) 1996 okir@monad.swb.de).
NFSD: Using /var/lib/nfs/v4recovery as the NFSv4 state recovery directory
NFSD: starting 90-second grace period
eth0: no IPv6 routers present
